// Jest Snapshot v1, https://goo.gl/fbAQLP

exports[`<SearchPage /> should match the snapshot 1`] = `
.c12 {
  margin: 30px 0;
  text-align: center;
}

.c0 {
  background: #f5f5f5;
  background-image: url(bg.png);
  border-bottom: 1px solid #e6e6e6;
  padding: 100px 0;
  text-align: center;
}

.c1 {
  margin: 0 auto;
  max-width: 960px;
  padding: 15px;
}

.c1:after {
  content: '';
  display: table;
  clear: both;
}

.c2 {
  color: #373958;
  font-size: 2.5em;
  line-height: 1.25;
  margin: 0;
}

.c11 {
  color: #373958;
  font-size: 2em;
  line-height: 1.25;
  margin: 15px 0;
  text-align: center;
}

.c3 {
  margin: 0;
}

.c4 {
  margin-top: 30px;
  position: relative;
}

.c5 {
  bottom: 0;
  height: 100%;
  left: 0;
  position: absolute;
  top: 0;
  width: 50px;
}

.c5 svg {
  margin-top: 12px;
}

.c6 {
  border: 1px solid #e6e6e6;
  border-radius: 4px;
  box-shadow: 0 1px 10px rgba(67,66,97,0.5);
  outline: none;
  padding: 15px 15px 15px 50px;
  width: 100%;
}

.c8 {
  background: #e5e5e5;
  border: 1px solid #e6e6e6;
  border-bottom-right-radius: 4px;
  border-top-right-radius: 4px;
  bottom: 0;
  color: #696d80;
  cursor: pointer;
  padding: 0;
  position: absolute;
  right: 0;
  top: 0;
  -webkit-transition: 0.25s ease all;
  transition: 0.25s ease all;
  width: 100px;
}

.c8:hover {
  background: #e5e5e5;
}

.c9 {
  background: #fafafa;
  border: 1px solid #e6e6e6;
  border-bottom-right-radius: 4px;
  border-top-right-radius: 4px;
  bottom: 0;
  color: #696d80;
  cursor: pointer;
  padding: 0;
  position: absolute;
  right: 0;
  top: 0;
  -webkit-transition: 0.25s ease all;
  transition: 0.25s ease all;
  width: 100px;
}

.c9:hover {
  background: #e5e5e5;
}

.c7 {
  border-bottom-right-radius: 0;
  border-right: 0;
  border-top-right-radius: 0;
  right: 100px;
}

.c10 {
  padding: 50px 15px;
}

@media only screen and (max-width:480px) {
  .c6 {
    padding-right: 15px;
  }
}

@media only screen and (max-width:480px) {
  .c8 {
    bottom: -100%;
    height: 40px;
    left: auto;
    right: 0;
    top: auto;
    width: 50%;
  }
}

@media only screen and (max-width:480px) {
  .c9 {
    bottom: -100%;
    height: 40px;
    left: auto;
    right: 0;
    top: auto;
    width: 50%;
  }
}

@media only screen and (max-width:480px) {
  .c7 {
    left: 0;
    right: auto;
  }
}

<div>
  <div
    className="c0"
  >
    <div
      className="c1"
    >
      <h1
        className="c2"
      >
        Address Search
      </h1>
      <p
        className="c3"
      >
        Use the search form below to look up addresses
      </p>
      <div
        className="c4"
      >
        <div
          className="c5"
        >
          <svg
            fill="none"
            height="24"
            stroke="currentColor"
            strokeLinecap="round"
            strokeLinejoin="round"
            strokeWidth="2"
            viewBox="0 0 24 24"
            width="24"
            xmlns="http://www.w3.org/2000/svg"
          >
            <circle
              cx="11"
              cy="11"
              r="8"
            />
            <line
              x1="21"
              x2="16.65"
              y1="21"
              y2="16.65"
            />
          </svg>
        </div>
        <input
          className="c6"
          defaultValue=""
          name="Search"
          onChange={[Function]}
          placeholder="Enter Search Term"
          type="text"
        />
        <button
          className="c7 c8"
          onClick={[Function]}
        >
          List View
        </button>
        <button
          className="c9"
          onClick={[Function]}
        >
          Map View
        </button>
      </div>
    </div>
  </div>
  <div
    className="c10 c1"
  >
    <h2
      className="c11"
    >
       Result(s)
    </h2>
    <div
      className="c12"
    >
      <img
        alt="Loading"
        src="loading.gif"
      />
    </div>
  </div>
</div>
`;
